// Jest Snapshot v1, https://goo.gl/fbAQLP

exports[`PhoneInput Component matches snapshot 1`] = `
<DocumentFragment>
  <div
    class="sc-bcHOTY jMBOyb"
  >
    <div
      class="sc-dkHyXG fKEDZB"
    >
      <div
        class=" react-tel-input sc-iBIYEh gaaOUi"
      >
        <div
          class="special-label"
        >
          Phone
        </div>
        <input
          class="form-control "
          placeholder="1 (702) 123-4567"
          type="tel"
          value="+1"
        />
        <div
          class="flag-dropdown "
        >
          <div
            aria-haspopup="listbox"
            class="selected-flag"
            role="button"
            tabindex="0"
            title="United States: + 1"
          >
            <div
              class="flag us"
            >
              <div
                class="arrow"
              />
            </div>
          </div>
        </div>
      </div>
    </div>
    <p
      class="MuiTypography-root MuiTypography-body2 sc-jTkTEj bXYaQ css-e784if-MuiTypography-root"
    />
  </div>
</DocumentFragment>
`;
