// Jest Snapshot v1, https://goo.gl/fbAQLP

exports[`CheckBox Input Component matches snapshot when given props 1`] = `
<DocumentFragment>
  <div
    class="sc-bcHOTY jMBOyb"
  >
    <label
      class="MuiFormControlLabel-root MuiFormControlLabel-labelPlacementEnd sc-iBIYEh cnZtCn css-j204z7-MuiFormControlLabel-root"
    >
      <span
        class="MuiButtonBase-root MuiCheckbox-root MuiCheckbox-colorPrimary MuiCheckbox-sizeMedium PrivateSwitchBase-root MuiCheckbox-root MuiCheckbox-colorPrimary MuiCheckbox-sizeMedium MuiCheckbox-root MuiCheckbox-colorPrimary MuiCheckbox-sizeMedium sc-ftDPCE jnNHKQ css-12wnr2w-MuiButtonBase-root-MuiCheckbox-root"
      >
        <input
          class="PrivateSwitchBase-input css-1m9pwf3"
          data-indeterminate="false"
          type="checkbox"
          value="true"
        />
        <svg
          aria-hidden="true"
          class="MuiSvgIcon-root MuiSvgIcon-fontSizeMedium css-i4bv87-MuiSvgIcon-root"
          data-testid="CheckBoxOutlineBlankIcon"
          focusable="false"
          viewBox="0 0 24 24"
        >
          <path
            d="M19 5v14H5V5h14m0-2H5c-1.1 0-2 .9-2 2v14c0 1.1.9 2 2 2h14c1.1 0 2-.9 2-2V5c0-1.1-.9-2-2-2z"
          />
        </svg>
        <span
          class="MuiTouchRipple-root css-8je8zh-MuiTouchRipple-root"
        />
      </span>
      <span
        class="MuiTypography-root MuiTypography-body1 MuiFormControlLabel-label css-ahj2mt-MuiTypography-root"
      >
        I agree to terms
      </span>
    </label>
    <p
      class="MuiTypography-root MuiTypography-body2 sc-jTkTEj bXYaQ css-e784if-MuiTypography-root"
    >
      An error occurred
    </p>
  </div>
</DocumentFragment>
`;
